'------------------------------------------------------------------------------
' <auto-generated>
'     This code was generated by a tool.
'     GitVersion
'
'     Changes to this file may cause incorrect behavior and will be lost if
'     the code is regenerated.
' </auto-generated>
'------------------------------------------------------------------------------

Imports System
Imports System.Reflection

<Assembly: AssemblyVersion("2.3.0.0")>
<Assembly: AssemblyFileVersion("2.3.4.0")>
<Assembly: AssemblyInformationalVersion("2.3.4-beta.5+6.Branch.master.Sha.commitSha")>

<Global.System.Runtime.CompilerServices.CompilerGenerated()> _
NotInheritable Class GitVersionInformation
    Private Sub New()
    End Sub
        Public Shared Major As String = "2"
        Public Shared Minor As String = "3"
        Public Shared Patch As String = "4"
        Public Shared PreReleaseTag As String = "beta.5"
        Public Shared PreReleaseTagWithDash As String = "-beta.5"
        Public Shared PreReleaseLabel As String = "beta"
        Public Shared PreReleaseNumber As String = "5"
        Public Shared BuildMetaData As String = "6"
        Public Shared BuildMetaDataPadded As String = "0006"
        Public Shared FullBuildMetaData As String = "6.Branch.master.Sha.commitSha"
        Public Shared MajorMinorPatch As String = "2.3.4"
        Public Shared SemVer As String = "2.3.4-beta.5"
        Public Shared LegacySemVer As String = "2.3.4-beta5"
        Public Shared LegacySemVerPadded As String = "2.3.4-beta0005"
        Public Shared AssemblySemVer As String = "2.3.0.0"
        Public Shared AssemblySemFileVer As String = "2.3.4.0"
        Public Shared FullSemVer As String = "2.3.4-beta.5+6"
        Public Shared InformationalVersion As String = "2.3.4-beta.5+6.Branch.master.Sha.commitSha"
        Public Shared BranchName As String = "master"
        Public Shared Sha As String = "commitSha"
        Public Shared NuGetVersionV2 As String = "2.3.4-beta0005"
        Public Shared NuGetVersion As String = "2.3.4-beta0005"
        Public Shared NuGetPreReleaseTagV2 As String = "beta0005"
        Public Shared NuGetPreReleaseTag As String = "beta0005"
        Public Shared CommitsSinceVersionSource As String = "6"
        Public Shared CommitsSinceVersionSourcePadded As String = "0006"
        Public Shared CommitDate As String = "2014-03-06"
End Class
