//------------------------------------------------------------------------------
// <auto-generated>
//     This code was generated by a tool.
//     GitVersion
//
//     Changes to this file may cause incorrect behavior and will be lost if
//     the code is regenerated.
// </auto-generated>
//------------------------------------------------------------------------------

using System;
using System.Reflection;

[assembly: AssemblyVersion("2.3.4.0")]
[assembly: AssemblyFileVersion("2.3.4.0")]
[assembly: AssemblyInformationalVersion("2.3.4-beta.5+6.Branch.master.Sha.commitSha")]

namespace Fake
{

    [global::System.Runtime.CompilerServices.CompilerGenerated]
    static class GitVersionInformation
    {
        public static string Major = "2";
        public static string Minor = "3";
        public static string Patch = "4";
        public static string PreReleaseTag = "beta.5";
        public static string PreReleaseTagWithDash = "-beta.5";
        public static string PreReleaseLabel = "beta";
        public static string PreReleaseNumber = "5";
        public static string BuildMetaData = "6";
        public static string BuildMetaDataPadded = "0006";
        public static string FullBuildMetaData = "6.Branch.master.Sha.commitSha";
        public static string MajorMinorPatch = "2.3.4";
        public static string SemVer = "2.3.4-beta.5";
        public static string LegacySemVer = "2.3.4-beta5";
        public static string LegacySemVerPadded = "2.3.4-beta0005";
        public static string AssemblySemVer = "2.3.4.0";
        public static string AssemblySemFileVer = "2.3.4.0";
        public static string FullSemVer = "2.3.4-beta.5+6";
        public static string InformationalVersion = "2.3.4-beta.5+6.Branch.master.Sha.commitSha";
        public static string BranchName = "master";
        public static string Sha = "commitSha";
        public static string NuGetVersionV2 = "2.3.4-beta0005";
        public static string NuGetVersion = "2.3.4-beta0005";
        public static string NuGetPreReleaseTagV2 = "beta0005";
        public static string NuGetPreReleaseTag = "beta0005";
        public static string CommitsSinceVersionSource = "6";
        public static string CommitsSinceVersionSourcePadded = "0006";
        public static string CommitDate = "2014-03-06";
    }

}
