
using System;
using System.Reflection;

[assembly: AssemblyVersion("1.2.3.0")]
[assembly: AssemblyFileVersion("1.2.3.0")]
[assembly: AssemblyInformationalVersion("1.2.3-unstable.4+5.Branch.feature-Add_xyz.Sha.commitSha")]
[assembly: ReleaseDate("2014-03-01", "2014-03-06")]

[System.Runtime.CompilerServices.CompilerGenerated]
sealed class ReleaseDateAttribute : System.Attribute
{
    public string OriginalDate { get; private set; }
    public string Date { get; private set; }

    public ReleaseDateAttribute(string originalDate, string date)
    {
        OriginalDate = date;
        Date = date;
    }
}

[System.Runtime.CompilerServices.CompilerGenerated]
static class GitVersionInformation
{
    public static string Major = "1";
    public static string Minor = "2";
    public static string Patch = "3";
    public static string PreReleaseTag = "unstable.4";
    public static string PreReleaseTagWithDash = "-unstable.4";
    public static string BuildMetaData = "5";
    public static string FullBuildMetaData = "5.Branch.feature-Add_xyz.Sha.commitSha";
    public static string MajorMinorPatch = "1.2.3";
    public static string SemVer = "1.2.3-unstable.4";
    public static string LegacySemVer = "1.2.3-unstable4";
    public static string LegacySemVerPadded = "1.2.3-unstable0004";
    public static string AssemblySemVer = "1.2.3.0";
    public static string FullSemVer = "1.2.3-unstable.4+5";
    public static string InformationalVersion = "1.2.3-unstable.4+5.Branch.feature-Add_xyz.Sha.commitSha";
    public static string ClassicVersion = "1.2.3.5";
    public static string ClassicVersionWithTag = "1.2.3.5-unstable.4";
    public static string BranchName = "feature-Add_xyz";
    public static string Sha = "commitSha";
    public static string AssemblyVersion = "1.2.3.0";
    public static string AssemblyFileVersion = "1.2.3.0";
    public static string OriginalRelease = "originalCommitSha.2014-03-01 00:00:01Z";
    public static string NugetPackageVersion = "1.2.3-Add_xyz";

}


