{
    "Major": 0,
    "Minor": 4,
    "Patch": 0,
    "PreReleaseTag": {
        "Name": "unstable",
        "Number": 2
    },
    "BuildMetaData": {
        "CommitsSinceTag": 2,
        "Branch": "develop",
        "Sha": "000000000000000000000000000000000000000",
        "OriginalReleaseDate": "<date replaced>",
        "ReleaseDate": "<date replaced>",
        "OtherMetaData": null
    }
}