{
    "Major": 1,
    "Minor": 1,
    "Patch": 0,
    "PreReleaseTag": {
        "Name": "unstable",
        "Number": 3
    },
    "BuildMetaData": {
        "CommitsSinceTag": 3,
        "Branch": "featureWithNoCommits",
        "Sha": "000000000000000000000000000000000000000",
        "OriginalReleaseDate": "2013-11-17T12:59:39Z",
        "ReleaseDate": "2013-11-17T12:59:39Z",
        "OtherMetaData": null
    }
}