{
    "Major": 1,
    "Minor": 1,
    "Patch": 0,
    "PreReleaseTag": {
        "Name": "featureWithOneCommit",
        "Number": null
    },
    "BuildMetaData": {
        "CommitsSinceTag": 1,
        "Branch": "featureWithOneCommit",
        "Sha": "000000000000000000000000000000000000000",
        "OtherMetaData": null,
        "CommitDate": "<date replaced>"
    }
}