{
    "Major": 0,
    "Minor": 1,
    "Patch": 3,
    "PreReleaseTag": {
        "Name": "beta",
        "Number": 5
    },
    "BuildMetaData": {
        "CommitsSinceTag": 1,
        "Branch": "hotfix-0.1.3",
        "Sha": "000000000000000000000000000000000000000",
        "OriginalReleaseDate": "<date replaced>",
        "ReleaseDate": "<date replaced>",
        "OtherMetaData": null
    }
}