{
    "Major": 0,
    "Minor": 1,
    "Patch": 4,
    "PreReleaseTag": {
        "Name": "hotfix",
        "Number": 0
    },
    "BuildMetaData": {
        "CommitsSinceTag": 0,
        "Branch": "hotfix-0.1.4",
        "Sha": "000000000000000000000000000000000000000",
        "OriginalReleaseDate": "2013-11-17T12:51:40Z",
        "ReleaseDate": "2013-11-17T12:58:35Z",
        "OtherMetaData": null
    }
}