{
    "Major": 5,
    "Minor": 0,
    "Patch": 0,
    "PreReleaseTag": {
        "Name": "beta",
        "Number": 2
    },
    "BuildMetaData": {
        "CommitsSinceTag": 1,
        "Branch": "release-5.0.0",
        "Sha": "000000000000000000000000000000000000000",
        "OtherMetaData": null,
        "CommitDate": "<date replaced>"
    }
}