{
    "Major": 0,
    "Minor": 4,
    "Patch": 0,
    "PreReleaseTag": {
        "Name": "RC",
        "Number": 4
    },
    "BuildMetaData": {
        "CommitsSinceTag": 1,
        "Branch": "release-0.4.0",
        "Sha": "000000000000000000000000000000000000000",
        "OriginalReleaseDate": "<date replaced>",
        "ReleaseDate": "<date replaced>",
        "OtherMetaData": null
    }
}