{
    "Major": 0,
    "Minor": 3,
    "Patch": 0,
    "PreReleaseTag": {
        "Name": "beta",
        "Number": 0
    },
    "BuildMetaData": {
        "CommitsSinceTag": 0,
        "Branch": "release-0.3.0",
        "Sha": "000000000000000000000000000000000000000",
        "OriginalReleaseDate": "2013-11-17T12:59:39Z",
        "ReleaseDate": "2013-11-17T12:59:39Z",
        "OtherMetaData": null
    }
}