//------------------------------------------------------------------------------
// <auto-generated>
//     This code was generated by a tool.
//     GitVersion
//
//     Changes to this file may cause incorrect behavior and will be lost if
//     the code is regenerated.
// </auto-generated>
//------------------------------------------------------------------------------

[global::System.Runtime.CompilerServices.CompilerGenerated]
static class GitVersionInformation
{
    public static string Major = "1";
    public static string Minor = "2";
    public static string Patch = "3";
    public static string PreReleaseTag = "unstable.4";
    public static string PreReleaseTagWithDash = "-unstable.4";
    public static string PreReleaseLabel = "unstable";
    public static string PreReleaseNumber = "4";
    public static string WeightedPreReleaseNumber = "4";
    public static string BuildMetaData = "5";
    public static string BuildMetaDataPadded = "0005";
    public static string FullBuildMetaData = "5.Branch.feature1.Sha.commitSha";
    public static string MajorMinorPatch = "1.2.3";
    public static string SemVer = "1.2.3-unstable.4";
    public static string LegacySemVer = "1.2.3-unstable4";
    public static string LegacySemVerPadded = "1.2.3-unstable0004";
    public static string AssemblySemVer = "1.2.3.0";
    public static string AssemblySemFileVer = "1.2.3.0";
    public static string FullSemVer = "1.2.3-unstable.4+5";
    public static string InformationalVersion = "1.2.3-unstable.4+5.Branch.feature1.Sha.commitSha";
    public static string BranchName = "feature1";
    public static string EscapedBranchName = "feature1";
    public static string Sha = "commitSha";
    public static string ShortSha = "commitShortSha";
    public static string NuGetVersionV2 = "1.2.3-unstable0004";
    public static string NuGetVersion = "1.2.3-unstable0004";
    public static string NuGetPreReleaseTagV2 = "unstable0004";
    public static string NuGetPreReleaseTag = "unstable0004";
    public static string VersionSourceSha = "versionSourceSha";
    public static string CommitsSinceVersionSource = "5";
    public static string CommitsSinceVersionSourcePadded = "0005";
    public static string CommitDate = "2014-03-06";
}
