using System;
using System.Reflection;

[assembly: AssemblyVersion("2.0.0.0")]
[assembly: AssemblyFileVersion("2.3.4.0")]
[assembly: AssemblyInformationalVersion("2.3.4-beta.5+6.Branch.master.Sha.commitSha")]
[assembly: ReleaseDate("2014-03-06")]
[assembly: GitVersionInformation()]

[System.Runtime.CompilerServices.CompilerGenerated]
sealed class ReleaseDateAttribute : System.Attribute
{
    public string Date { get; private set; }

    public ReleaseDateAttribute(string date)
    {
        Date = date;
    }
}

[System.Runtime.CompilerServices.CompilerGenerated]
static class GitVersionInformation
{
    public static string Major = "2";
    public static string Minor = "3";
    public static string Patch = "4";
    public static string PreReleaseTag = "beta.5";
    public static string PreReleaseTagWithDash = "-beta.5";
    public static string BuildMetaData = "6";
    public static string FullBuildMetaData = "6.Branch.master.Sha.commitSha";
    public static string MajorMinorPatch = "2.3.4";
    public static string SemVer = "2.3.4-beta.5";
    public static string LegacySemVer = "2.3.4-beta5";
    public static string LegacySemVerPadded = "2.3.4-beta0005";
    public static string AssemblySemVer = "2.0.0.0";
    public static string FullSemVer = "2.3.4-beta.5+6";
    public static string InformationalVersion = "2.3.4-beta.5+6.Branch.master.Sha.commitSha";
    public static string BranchName = "master";
    public static string Sha = "commitSha";
    public static string NuGetVersionV2 = "2.3.4-beta0005";
    public static string NuGetVersion = "2.3.4-beta0005";
    public static string CommitDate = "2014-03-06";
}

[System.Runtime.CompilerServices.CompilerGenerated]
sealed class GitVersionInformationAttribute : System.Attribute
{
    public string Major { get { return "2"; } }
    public string Minor { get { return "3"; } }
    public string Patch { get { return "4"; } }
    public string PreReleaseTag { get { return "beta.5"; } }
    public string PreReleaseTagWithDash { get { return "-beta.5"; } }
    public string BuildMetaData { get { return "6"; } }
    public string FullBuildMetaData { get { return "6.Branch.master.Sha.commitSha"; } }
    public string MajorMinorPatch { get { return "2.3.4"; } }
    public string SemVer { get { return "2.3.4-beta.5"; } }
    public string LegacySemVer { get { return "2.3.4-beta5"; } }
    public string LegacySemVerPadded { get { return "2.3.4-beta0005"; } }
    public string AssemblySemVer { get { return "2.0.0.0"; } }
    public string FullSemVer { get { return "2.3.4-beta.5+6"; } }
    public string InformationalVersion { get { return "2.3.4-beta.5+6.Branch.master.Sha.commitSha"; } }
    public string BranchName { get { return "master"; } }
    public string Sha { get { return "commitSha"; } }
    public string NuGetVersionV2 { get { return "2.3.4-beta0005"; } }
    public string NuGetVersion { get { return "2.3.4-beta0005"; } }
    public string CommitDate { get { return "2014-03-06"; } }
}