gitversion.Major=1
gitversion.Minor=2
gitversion.Patch=3
gitversion.PreReleaseTag=unstable.4
gitversion.PreReleaseTagWithDash=-unstable.4
gitversion.BuildMetaData=5
gitversion.FullBuildMetaData=5.Branch.feature1.Sha.commitSha
gitversion.MajorMinorPatch=1.2.3
gitversion.SemVer=1.2.3-unstable.4
gitversion.LegacySemVer=1.2.3-unstable4
gitversion.LegacySemVerPadded=1.2.3-unstable0004
gitversion.AssemblySemVer=1.2.3.0
gitversion.FullSemVer=1.2.3-unstable.4+5
gitversion.InformationalVersion=1.2.3-unstable.4+5.Branch.feature1.Sha.commitSha
gitversion.BranchName=feature1
gitversion.Sha=commitSha
gitversion.NuGetVersionV2=1.2.3-unstable0004
gitversion.NuGetVersion=1.2.3-unstable0004
gitversion.CommitDate=2014-03-06
