'------------------------------------------------------------------------------
' <auto-generated>
'     This code was generated by a tool.
'     GitVersion
'
'     Changes to this file may cause incorrect behavior and will be lost if
'     the code is regenerated.
' </auto-generated>
'------------------------------------------------------------------------------

Namespace My.Custom.Namespace

    <Global.System.Runtime.CompilerServices.CompilerGenerated()>
    <Global.System.Diagnostics.CodeAnalysis.ExcludeFromCodeCoverage()>
    NotInheritable Class GitVersionInformation
        Private Sub New()
        End Sub
        Public Shared AssemblySemFileVer As String = "1.2.3.0"
        Public Shared AssemblySemVer As String = "1.2.3.0"
        Public Shared BranchName As String = "feature1"
        Public Shared BuildMetaData As String = "5"
        Public Shared CommitDate As String = "2014-03-06"
        Public Shared CommitsSinceVersionSource As String = "5"
        Public Shared CustomVersion As String = "1.2.3-unstable.4"
        Public Shared EscapedBranchName As String = "feature1"
        Public Shared FullBuildMetaData As String = "5.Branch.feature1.Sha.commitSha"
        Public Shared FullSemVer As String = "1.2.3-unstable.4+5"
        Public Shared InformationalVersion As String = "1.2.3-unstable.4+5.Branch.feature1.Sha.commitSha"
        Public Shared Major As String = "1"
        Public Shared MajorMinorPatch As String = "1.2.3"
        Public Shared Minor As String = "2"
        Public Shared Patch As String = "3"
        Public Shared PreReleaseLabel As String = "unstable"
        Public Shared PreReleaseLabelWithDash As String = "-unstable"
        Public Shared PreReleaseNumber As String = "4"
        Public Shared PreReleaseTag As String = "unstable.4"
        Public Shared PreReleaseTagWithDash As String = "-unstable.4"
        Public Shared SemVer As String = "1.2.3-unstable.4"
        Public Shared Sha As String = "commitSha"
        Public Shared ShortSha As String = "commitShortSha"
        Public Shared UncommittedChanges As String = "0"
        Public Shared VersionSourceSha As String = "versionSourceSha"
        Public Shared WeightedPreReleaseNumber As String = "4"
    End Class

End Namespace
