<Assembly: AssemblyFileVersion("2.3.1.0")>
<Assembly: AssemblyInformationalVersion("2.3.1+3.Branch.foo.Sha.hash")>
