{
  "Major": 1,
  "Minor": 2,
  "Patch": 0,
  "PreReleaseTag": "unstable.4",
  "PreReleaseTagWithDash": "-unstable.4",
  "PreReleaseLabel": "unstable",
  "PreReleaseLabelWithDash": "-unstable",
  "PreReleaseNumber": 4,
  "WeightedPreReleaseNumber": 4,
  "BuildMetaData": 5,
  "FullBuildMetaData": "5.Branch.feature1.Sha.commitSha",
  "MajorMinorPatch": "1.2.0",
  "SemVer": "1.2.0-unstable.4",
  "AssemblySemVer": "1.2.0.0",
  "AssemblySemFileVer": "1.2.0.0",
  "FullSemVer": "1.2.0-unstable.4+5",
  "InformationalVersion": "1.2.0-unstable.4+5.Branch.feature1.Sha.commitSha",
  "BranchName": "feature1",
  "EscapedBranchName": "feature1",
  "Sha": "commitSha",
  "ShortSha": "commitShortSha",
  "VersionSourceSha": "versionSourceSha",
  "CommitsSinceVersionSource": 5,
  "UncommittedChanges": 0,
  "CommitDate": "2014-03-06"
}