{
  "AssemblySemFileVer": "1.2.3.0",
  "AssemblySemVer": "1.2.3.0",
  "BranchName": "develop",
  "BuildMetaData": 5,
  "CommitDate": "2014-03-06",
  "CommitsSinceVersionSource": 5,
  "EscapedBranchName": "develop",
  "FullBuildMetaData": "5.Branch.develop.Sha.commitSha",
  "FullSemVer": "1.2.3+5",
  "InformationalVersion": "1.2.3+5.Branch.develop.Sha.commitSha",
  "CustomVersion": "1.2.3",
  "Major": 1,
  "MajorMinorPatch": "1.2.3",
  "Minor": 2,
  "Patch": 3,
  "PreReleaseLabel": "",
  "PreReleaseLabelWithDash": "",
  "PreReleaseNumber": null,
  "PreReleaseTag": "",
  "PreReleaseTagWithDash": "",
  "SemVer": "1.2.3",
  "Sha": "commitSha",
  "ShortSha": "commitShortSha",
  "UncommittedChanges": 0,
  "VersionSourceSha": "versionSourceSha",
  "WeightedPreReleaseNumber": 0
}