{
  "Major": 1,
  "Minor": 2,
  "Patch": 3,
  "PreReleaseTag": "ci.5",
  "PreReleaseTagWithDash": "-ci.5",
  "PreReleaseLabel": "ci",
  "PreReleaseLabelWithDash": "-ci",
  "PreReleaseNumber": 5,
  "WeightedPreReleaseNumber": 5,
  "BuildMetaData": null,
  "FullBuildMetaData": "Branch.develop.Sha.commitSha",
  "MajorMinorPatch": "1.2.3",
  "SemVer": "1.2.3-ci.5",
  "AssemblySemVer": "1.2.3.0",
  "AssemblySemFileVer": "1.2.3.0",
  "FullSemVer": "1.2.3-ci.5",
  "InformationalVersion": "1.2.3-ci.5+Branch.develop.Sha.commitSha",
  "BranchName": "develop",
  "EscapedBranchName": "develop",
  "Sha": "commitSha",
  "ShortSha": "commitShortSha",
  "VersionSourceSha": "versionSourceSha",
  "CommitsSinceVersionSource": 5,
  "UncommittedChanges": 0,
  "CommitDate": "2014-03-06"
}