{
  "AssemblySemFileVer": "1.2.3.0",
  "AssemblySemVer": "1.2.3.0",
  "BranchName": "develop",
  "BuildMetaData": 5,
  "CommitDate": "2014-03-06",
  "CommitsSinceVersionSource": 5,
  "EscapedBranchName": "develop",
  "FullBuildMetaData": "5.Branch.develop.Sha.commitSha",
  "FullSemVer": "1.2.3-unstable.4+5",
  "InformationalVersion": "1.2.3-unstable.4+5.Branch.develop.Sha.commitSha",
  "CustomVersion": "1.2.3-unstable.4",
  "Major": 1,
  "MajorMinorPatch": "1.2.3",
  "Minor": 2,
  "Patch": 3,
  "PreReleaseLabel": "unstable",
  "PreReleaseLabelWithDash": "-unstable",
  "PreReleaseNumber": 4,
  "PreReleaseTag": "unstable.4",
  "PreReleaseTagWithDash": "-unstable.4",
  "SemVer": "1.2.3-unstable.4",
  "Sha": "commitSha",
  "ShortSha": "commitShortSha",
  "UncommittedChanges": 0,
  "VersionSourceSha": "versionSourceSha",
  "WeightedPreReleaseNumber": 4
}