{
  "Major": 1,
  "Minor": 2,
  "Patch": 3,
  "PreReleaseTag": "unstable.8",
  "PreReleaseTagWithDash": "-unstable.8",
  "PreReleaseLabel": "unstable",
  "PreReleaseLabelWithDash": "-unstable",
  "PreReleaseNumber": 8,
  "WeightedPreReleaseNumber": 8,
  "BuildMetaData": null,
  "FullBuildMetaData": "Branch.develop.Sha.commitSha",
  "MajorMinorPatch": "1.2.3",
  "SemVer": "1.2.3-unstable.8",
  "AssemblySemVer": "1.2.3.0",
  "AssemblySemFileVer": "1.2.3.0",
  "FullSemVer": "1.2.3-unstable.8",
  "InformationalVersion": "1.2.3-unstable.8+Branch.develop.Sha.commitSha",
  "BranchName": "develop",
  "EscapedBranchName": "develop",
  "Sha": "commitSha",
  "ShortSha": "commitShortSha",
  "VersionSourceSha": "versionSourceSha",
  "CommitsSinceVersionSource": 5,
  "UncommittedChanges": 0,
  "CommitDate": "2014-03-06"
}