{
  "Major":1,
  "Minor":2,
  "Patch":3,
  "PreReleaseTag":"",
  "PreReleaseTagWithDash":"",
  "BuildMetaData":5,
  "FullBuildMetaData":"5.Branch.develop.Sha.commitSha",
  "MajorMinorPatch":"1.2.3",
  "SemVer":"1.2.3.5",
  "LegacySemVer":"1.2.3.5",
  "LegacySemVerPadded":"1.2.3.5",
  "AssemblySemVer":"1.2.3.0",
  "FullSemVer":"1.2.3.5",
  "InformationalVersion":"1.2.3.5+Branch.develop.Sha.commitSha",
  "BranchName":"develop",
  "Sha":"commitSha",
  "NuGetVersionV2":"1.2.3.5",
  "NuGetVersion":"1.2.3.5"
}