{
  "Major":1,
  "Minor":2,
  "Patch":3,
  "PreReleaseTag":"ci.5",
  "PreReleaseTagWithDash":"-ci.5",
  "PreReleaseLabel":"ci",
  "PreReleaseNumber":5,
  "WeightedPreReleaseNumber":5,
  "BuildMetaData":"",
  "BuildMetaDataPadded":"",
  "FullBuildMetaData":"Branch.develop.Sha.commitSha",
  "MajorMinorPatch":"1.2.3",
  "SemVer":"1.2.3-ci.5",
  "LegacySemVer":"1.2.3-ci5",
  "LegacySemVerPadded":"1.2.3-ci0005",
  "AssemblySemVer":"1.2.3.0",
  "AssemblySemFileVer":"1.2.3.0",
  "FullSemVer":"1.2.3-ci.5",
  "InformationalVersion":"1.2.3-ci.5+Branch.develop.Sha.commitSha",
  "BranchName":"develop",
  "EscapedBranchName":"develop",
  "Sha":"commitSha",
  "ShortSha":"commitShortSha",
  "NuGetVersionV2":"1.2.3-ci0005",
  "NuGetVersion":"1.2.3-ci0005",
  "NuGetPreReleaseTagV2":"ci0005",
  "NuGetPreReleaseTag":"ci0005",
  "VersionSourceSha":"versionSourceSha",
  "CommitsSinceVersionSource":5,
  "CommitsSinceVersionSourcePadded":"0005",
  "CommitDate":"2014-03-06"
}