//------------------------------------------------------------------------------
// <auto-generated>
//     This code was generated by a tool.
//     GitVersion
//
//     Changes to this file may cause incorrect behavior and will be lost if
//     the code is regenerated.
// </auto-generated>
//------------------------------------------------------------------------------

namespace My.Custom.Namespace

[<AbstractClass; Sealed>]
[<global.System.Runtime.CompilerServices.CompilerGenerated>]
[<global.System.Diagnostics.CodeAnalysis.ExcludeFromCodeCoverage>]
type GitVersionInformation =
    static member AssemblySemFileVer = "1.2.3.0"
    static member AssemblySemVer = "1.2.3.0"
    static member BranchName = "feature1"
    static member BuildMetaData = "5"
    static member CommitDate = "2014-03-06"
    static member CommitsSinceVersionSource = "5"
    static member CustomVersion = "1.2.3-unstable.4"
    static member EscapedBranchName = "feature1"
    static member FullBuildMetaData = "5.Branch.feature1.Sha.commitSha"
    static member FullSemVer = "1.2.3-unstable.4+5"
    static member InformationalVersion = "1.2.3-unstable.4+5.Branch.feature1.Sha.commitSha"
    static member Major = "1"
    static member MajorMinorPatch = "1.2.3"
    static member Minor = "2"
    static member Patch = "3"
    static member PreReleaseLabel = "unstable"
    static member PreReleaseLabelWithDash = "-unstable"
    static member PreReleaseNumber = "4"
    static member PreReleaseTag = "unstable.4"
    static member PreReleaseTagWithDash = "-unstable.4"
    static member SemVer = "1.2.3-unstable.4"
    static member Sha = "commitSha"
    static member ShortSha = "commitShortSha"
    static member UncommittedChanges = "0"
    static member VersionSourceSha = "versionSourceSha"
    static member WeightedPreReleaseNumber = "4"
