//------------------------------------------------------------------------------
// <auto-generated>
//     This code was generated by a tool.
//     GitVersion
//
//     Changes to this file may cause incorrect behavior and will be lost if
//     the code is regenerated.
// </auto-generated>
//------------------------------------------------------------------------------

#if NET20 || NET35 || NETCOREAPP1_0 || NETCOREAPP1_1 || NETSTANDARD1_0 || NETSTANDARD1_1 || NETSTANDARD1_2 || NETSTANDARD1_3 || NETSTANDARD1_4 || NETSTANDARD1_5 || NETSTANDARD1_6
namespace System.Diagnostics.CodeAnalysis
{
    [global::System.AttributeUsage(
        global::System.AttributeTargets.Assembly |
        global::System.AttributeTargets.Class |
        global::System.AttributeTargets.Struct |
        global::System.AttributeTargets.Constructor |
        global::System.AttributeTargets.Method |
        global::System.AttributeTargets.Property |
        global::System.AttributeTargets.Event,
        Inherited = false, AllowMultiple = false)]
    internal sealed class ExcludeFromCodeCoverageAttribute : global::System.Attribute { }
}
#endif

[global::System.Runtime.CompilerServices.CompilerGenerated]
[global::System.Diagnostics.CodeAnalysis.ExcludeFromCodeCoverage]
static class GitVersionInformation
{
    public const string Major = "1";
    public const string Minor = "2";
    public const string Patch = "3";
    public const string PreReleaseTag = "unstable.4";
    public const string PreReleaseTagWithDash = "-unstable.4";
    public const string PreReleaseLabel = "unstable";
    public const string PreReleaseLabelWithDash = "-unstable";
    public const string PreReleaseNumber = "4";
    public const string WeightedPreReleaseNumber = "4";
    public const string BuildMetaData = "5";
    public const string FullBuildMetaData = "5.Branch.feature1.Sha.commitSha";
    public const string MajorMinorPatch = "1.2.3";
    public const string SemVer = "1.2.3-unstable.4";
    public const string AssemblySemVer = "1.2.3.0";
    public const string AssemblySemFileVer = "1.2.3.0";
    public const string FullSemVer = "1.2.3-unstable.4+5";
    public const string InformationalVersion = "1.2.3-unstable.4+5.Branch.feature1.Sha.commitSha";
    public const string BranchName = "feature1";
    public const string EscapedBranchName = "feature1";
    public const string Sha = "commitSha";
    public const string ShortSha = "commitShortSha";
    public const string VersionSourceSha = "versionSourceSha";
    public const string CommitsSinceVersionSource = "5";
    public const string UncommittedChanges = "0";
    public const string CommitDate = "2014-03-06";
}
