{
  "Major":1,
  "Minor":2,
  "Patch":3,
  "PreReleaseTag":"unstable.8",
  "PreReleaseTagWithDash":"-unstable.8",
  "PreReleaseLabel":"unstable",
  "PreReleaseNumber":8,
  "WeightedPreReleaseNumber":8,
  "BuildMetaData":"",
  "BuildMetaDataPadded":"",
  "FullBuildMetaData":"Branch.develop.Sha.commitSha",
  "MajorMinorPatch":"1.2.3",
  "SemVer":"1.2.3-unstable.8",
  "LegacySemVer":"1.2.3-unstable8",
  "LegacySemVerPadded":"1.2.3-unstable0008",
  "AssemblySemVer":"1.2.3.0",
  "AssemblySemFileVer":"1.2.3.0",
  "FullSemVer":"1.2.3-unstable.8",
  "InformationalVersion":"1.2.3-unstable.8+Branch.develop.Sha.commitSha",
  "BranchName":"develop",
  "EscapedBranchName":"develop",
  "Sha":"commitSha",
  "ShortSha":"commitShortSha",
  "NuGetVersionV2":"1.2.3-unstable0008",
  "NuGetVersion":"1.2.3-unstable0008",
  "NuGetPreReleaseTagV2":"unstable0008",
  "NuGetPreReleaseTag":"unstable0008",
  "VersionSourceSha":"versionSourceSha",
  "CommitsSinceVersionSource":5,
  "CommitsSinceVersionSourcePadded":"0005",
  "CommitDate":"2014-03-06"
}