{
  "Major":1,
  "Minor":2,
  "Patch":3,
  "PreReleaseTag":"unstable.4",
  "PreReleaseTagWithDash":"-unstable.4",
  "PreReleaseLabel":"unstable",
  "PreReleaseNumber":4,
  "WeightedPreReleaseNumber":4,
  "BuildMetaData":5,
  "BuildMetaDataPadded":"0005",
  "FullBuildMetaData":"5.Branch.develop.Sha.commitSha",
  "MajorMinorPatch":"1.2.3",
  "SemVer":"1.2.3-unstable.4",
  "LegacySemVer":"1.2.3-unstable4",
  "LegacySemVerPadded":"1.2.3-unstable0004",
  "AssemblySemVer":"1.2.3.0",
  "AssemblySemFileVer":"1.2.3.0",
  "FullSemVer":"1.2.3-unstable.4+5",
  "InformationalVersion":"1.2.3-unstable.4+5.Branch.develop.Sha.commitSha",
  "BranchName":"develop",
  "EscapedBranchName":"develop",
  "Sha":"commitSha",
  "ShortSha":"commitShortSha",
  "NuGetVersionV2":"1.2.3-unstable0004",
  "NuGetVersion":"1.2.3-unstable0004",
  "NuGetPreReleaseTagV2":"unstable0004",
  "NuGetPreReleaseTag":"unstable0004",
  "VersionSourceSha":"versionSourceSha",
  "CommitsSinceVersionSource":5,
  "CommitsSinceVersionSourcePadded":"0005",
  "CommitDate":"2014-03-06"
}