{
    "Major": 2,
    "Minor": 0,
    "Patch": 0,
    "PreReleaseTag": {
        "Name": "Beta",
        "Number": 1
    },
    "BuildMetaData": {
        "CommitsSinceTag": 1,
        "Branch": "release/2.0.0",
        "Sha": "000000000000000000000000000000000000000",
        "OriginalReleaseDate": "<date replaced>",
        "ReleaseDate": "<date replaced>",
        "OtherMetaData": null
    }
}