{
    "Major": 1,
    "Minor": 0,
    "Patch": 2,
    "PreReleaseTag": {
        "Name": "Beta",
        "Number": 1
    },
    "BuildMetaData": {
        "CommitsSinceTag": 1,
        "Branch": "hotfix/1.0.2",
        "Sha": "000000000000000000000000000000000000000",
        "OriginalReleaseDate": "<date replaced>",
        "ReleaseDate": "<date replaced>",
        "OtherMetaData": null
    }
}