{
    "Major": 1,
    "Minor": 0,
    "Patch": 1,
    "PreReleaseTag": {
        "Name": null,
        "Number": null
    },
    "BuildMetaData": {
        "CommitsSinceTag": null,
        "Branch": "master",
        "Sha": "000000000000000000000000000000000000000",
        "OriginalReleaseDate": "2013-11-17T12:51:40Z",
        "ReleaseDate": "2013-11-17T12:58:35Z",
        "OtherMetaData": null
    }
}